{
  "1cc95af30e8b456123dab6ae4cc1f451": {
    "query_kind": "spatial_aggregate",
    "locations": {
      "query_kind": "daily_location",
      "date": "2016-01-01",
      "aggregation_unit": "admin3",
      "method": "last",
      "event_types": [
        "calls",
        "sms"
      ],
      "subscriber_subset": null,
      "sampling": {
        "sampling_method": "bernoulli",
        "size": 10,
        "seed": 0.5,
        "fraction": null,
        "estimate_count": false
      }
    }
  },
  "7b71413efc91213e798ca3bd53107186": {
    "query_kind": "spatial_aggregate",
    "locations": {
      "query_kind": "daily_location",
      "date": "2016-01-01",
      "aggregation_unit": "admin3",
      "method": "last",
      "event_types": null,
      "subscriber_subset": null,
      "sampling": null
    }
  },
  "7bc462543d358dedb09a3e2c822b07d2": {
    "query_kind": "location_event_counts",
    "start_date": "2016-01-01",
    "end_date": "2016-01-02",
    "interval": "day",
    "aggregation_unit": "admin3",
    "direction": "both",
    "event_types": null,
    "subscriber_subset": null
  },
  "1944671c4caa2e8adbfb2241df113b98": {
    "query_kind": "spatial_aggregate",
    "locations": {
      "query_kind": "modal_location",
      "locations": [
        {
          "query_kind": "daily_location",
          "date": "2016-01-01",
          "aggregation_unit": "admin3",
          "method": "last",
          "subscriber_subset": null
        },
        {
          "query_kind": "daily_location",
          "date": "2016-01-02",
          "aggregation_unit": "admin3",
          "method": "last",
          "subscriber_subset": null
        }
      ]
    }
  },
  "ecff278a078630433a0f54f45ab0bcdc": {
    "query_kind": "geography",
    "aggregation_unit": "admin3"
  },
  "05f6769184c4ad4571ec111b1a7b3029": {
    "query_kind": "meaningful_locations_aggregate",
    "aggregation_unit": "admin1",
    "start_date": "2016-01-01",
    "end_date": "2016-01-02",
    "label": "unknown",
    "labels": {
      "evening": {
        "type": "Polygon",
        "coordinates": [
          [
            [
              1e-06,
              -0.5
            ],
            [
              1e-06,
              -1.1
            ],
            [
              1.1,
              -1.1
            ],
            [
              1.1,
              -0.5
            ]
          ]
        ]
      },
      "day": {
        "type": "Polygon",
        "coordinates": [
          [
            [
              -1.1,
              -0.5
            ],
            [
              -1.1,
              0.5
            ],
            [
              -1e-06,
              0.5
            ],
            [
              0,
              -0.5
            ]
          ]
        ]
      }
    },
    "tower_hour_of_day_scores": [
      -1,
      -1,
      -1,
      -1,
      -1,
      -1,
      -1,
      0,
      0,
      1,
      1,
      1,
      1,
      1,
      1,
      1,
      1,
      0,
      0,
      0,
      0,
      -1,
      -1,
      -1
    ],
    "tower_day_of_week_scores": {
      "monday": 1,
      "tuesday": 1,
      "wednesday": 1,
      "thursday": 0,
      "friday": -1,
      "saturday": -1,
      "sunday": -1
    },
    "tower_cluster_radius": 1.0,
    "tower_cluster_call_threshold": 0,
    "subscriber_subset": null
  },
  "d7192263d6ac8f3826ad3d9edd92a255": {
    "query_kind": "meaningful_locations_between_label_od_matrix",
    "aggregation_unit": "admin1",
    "start_date": "2016-01-01",
    "end_date": "2016-01-02",
    "label_a": "day",
    "label_b": "evening",
    "labels": {
      "day": {
        "type": "Polygon",
        "coordinates": [
          [
            [
              -1.1,
              -0.5
            ],
            [
              -1.1,
              0.5
            ],
            [
              -1e-06,
              0.5
            ],
            [
              0,
              -0.5
            ]
          ]
        ]
      },
      "evening": {
        "type": "Polygon",
        "coordinates": [
          [
            [
              1e-06,
              -0.5
            ],
            [
              1e-06,
              -1.1
            ],
            [
              1.1,
              -1.1
            ],
            [
              1.1,
              -0.5
            ]
          ]
        ]
      }
    },
    "tower_hour_of_day_scores": [
      -1,
      -1,
      -1,
      -1,
      -1,
      -1,
      -1,
      0,
      0,
      1,
      1,
      1,
      1,
      1,
      1,
      1,
      1,
      0,
      0,
      0,
      0,
      -1,
      -1,
      -1
    ],
    "tower_day_of_week_scores": {
      "monday": 1,
      "tuesday": 1,
      "wednesday": 1,
      "thursday": 0,
      "friday": -1,
      "saturday": -1,
      "sunday": -1
    },
    "tower_cluster_radius": 1.0,
    "tower_cluster_call_threshold": 0,
    "event_types": null,
    "subscriber_subset": null
  },
  "269b9d1f4ec72727ff2f9ced0027d356": {
    "query_kind": "meaningful_locations_between_dates_od_matrix",
    "aggregation_unit": "admin1",
    "start_date_a": "2016-01-01",
    "end_date_a": "2016-01-02",
    "start_date_b": "2016-01-01",
    "end_date_b": "2016-01-05",
    "label": "unknown",
    "labels": {
      "day": {
        "type": "Polygon",
        "coordinates": [
          [
            [
              -1.1,
              -0.5
            ],
            [
              -1.1,
              0.5
            ],
            [
              -1e-06,
              0.5
            ],
            [
              0,
              -0.5
            ]
          ]
        ]
      },
      "evening": {
        "type": "Polygon",
        "coordinates": [
          [
            [
              1e-06,
              -0.5
            ],
            [
              1e-06,
              -1.1
            ],
            [
              1.1,
              -1.1
            ],
            [
              1.1,
              -0.5
            ]
          ]
        ]
      }
    },
    "tower_hour_of_day_scores": [
      -1,
      -1,
      -1,
      -1,
      -1,
      -1,
      -1,
      0,
      0,
      1,
      1,
      1,
      1,
      1,
      1,
      1,
      1,
      0,
      0,
      0,
      0,
      -1,
      -1,
      -1
    ],
    "tower_day_of_week_scores": {
      "monday": 1,
      "tuesday": 1,
      "wednesday": 1,
      "thursday": 0,
      "friday": -1,
      "saturday": -1,
      "sunday": -1
    },
    "tower_cluster_radius": 1.0,
    "tower_cluster_call_threshold": 2,
    "event_types": [
      "calls",
      "sms"
    ],
    "subscriber_subset": null
  },
  "6f7a3eb1b622ae11f4fe8b72ed567068": {
    "query_kind": "flows",
    "from_location": {
      "query_kind": "daily_location",
      "date": "2016-01-01",
      "aggregation_unit": "admin3",
      "method": "last"
    },
    "to_location": {
      "query_kind": "unique_locations",
      "start_date": "2016-01-01",
      "end_date": "2016-01-04",
      "aggregation_unit": "admin3"
    },
    "join_type": "left outer"
  },
  "379933ae0d49db20c5ca94324c2b5d03": {
    "query_kind": "flows",
    "from_location": {
      "query_kind": "majority_location",
      "subscriber_location_weights": {
        "query_kind": "location_visits",
        "locations": [
          {
            "query_kind": "daily_location",
            "date": "2016-01-01",
            "aggregation_unit": "admin3",
            "method": "last",
            "subscriber_subset": null
          },
          {
            "query_kind": "daily_location",
            "date": "2016-01-02",
            "aggregation_unit": "admin3",
            "method": "last",
            "subscriber_subset": null
          }
        ]
      }
    },
    "to_location": {
      "query_kind": "majority_location",
      "subscriber_location_weights": {
        "query_kind": "location_visits",
        "locations": [
          {
            "query_kind": "daily_location",
            "date": "2016-01-04",
            "aggregation_unit": "admin3",
            "method": "last",
            "subscriber_subset": null
          },
          {
            "query_kind": "daily_location",
            "date": "2016-01-05",
            "aggregation_unit": "admin3",
            "method": "last",
            "subscriber_subset": null
          }
        ]
      }
    }
  },
  "ce75b237eb157dba77980a01ec509324": {
    "query_kind": "labelled_spatial_aggregate",
    "locations": {
      "query_kind": "coalesced_location",
      "preferred_location": {
        "query_kind": "majority_location",
        "subscriber_location_weights": {
          "query_kind": "location_visits",
          "locations": [
            {
              "query_kind": "daily_location",
              "date": "2016-01-01",
              "aggregation_unit": "admin3",
              "method": "last",
              "subscriber_subset": null
            },
            {
              "query_kind": "daily_location",
              "date": "2016-01-02",
              "aggregation_unit": "admin3",
              "method": "last",
              "subscriber_subset": null
            }
          ]
        }
      },
      "fallback_location": {
        "query_kind": "majority_location",
        "subscriber_location_weights": {
          "query_kind": "location_visits",
          "locations": [
            {
              "query_kind": "daily_location",
              "date": "2016-01-01",
              "aggregation_unit": "admin3",
              "method": "last",
              "subscriber_subset": null
            },
            {
              "query_kind": "daily_location",
              "date": "2016-01-02",
              "aggregation_unit": "admin3",
              "method": "last",
              "subscriber_subset": null
            }
          ]
        }
      },
      "subscriber_location_weights": {
        "query_kind": "location_visits",
        "locations": [
          {
            "query_kind": "daily_location",
            "date": "2016-01-01",
            "aggregation_unit": "admin3",
            "method": "last",
            "subscriber_subset": null
          },
          {
            "query_kind": "daily_location",
            "date": "2016-01-02",
            "aggregation_unit": "admin3",
            "method": "last",
            "subscriber_subset": null
          }
        ]
      },
      "weight_threshold": 2
    },
    "labels": {
      "query_kind": "mobility_classification",
      "locations": [
        {
          "query_kind": "coalesced_location",
          "preferred_location": {
            "query_kind": "majority_location",
            "subscriber_location_weights": {
              "query_kind": "location_visits",
              "locations": [
                {
                  "query_kind": "daily_location",
                  "date": "2016-01-01",
                  "aggregation_unit": "admin3",
                  "method": "last",
                  "subscriber_subset": null
                },
                {
                  "query_kind": "daily_location",
                  "date": "2016-01-02",
                  "aggregation_unit": "admin3",
                  "method": "last",
                  "subscriber_subset": null
                }
              ]
            }
          },
          "fallback_location": {
            "query_kind": "majority_location",
            "subscriber_location_weights": {
              "query_kind": "location_visits",
              "locations": [
                {
                  "query_kind": "daily_location",
                  "date": "2016-01-01",
                  "aggregation_unit": "admin3",
                  "method": "last",
                  "subscriber_subset": null
                },
                {
                  "query_kind": "daily_location",
                  "date": "2016-01-02",
                  "aggregation_unit": "admin3",
                  "method": "last",
                  "subscriber_subset": null
                }
              ]
            }
          },
          "subscriber_location_weights": {
            "query_kind": "location_visits",
            "locations": [
              {
                "query_kind": "daily_location",
                "date": "2016-01-05",
                "aggregation_unit": "admin3",
                "method": "last",
                "subscriber_subset": null
              },
              {
                "query_kind": "daily_location",
                "date": "2016-01-06",
                "aggregation_unit": "admin3",
                "method": "last",
                "subscriber_subset": null
              }
            ]
          },
          "weight_threshold": 2
        },
        {
          "query_kind": "coalesced_location",
          "preferred_location": {
            "query_kind": "majority_location",
            "subscriber_location_weights": {
              "query_kind": "location_visits",
              "locations": [
                {
                  "query_kind": "daily_location",
                  "date": "2016-01-01",
                  "aggregation_unit": "admin3",
                  "method": "last",
                  "subscriber_subset": null
                },
                {
                  "query_kind": "daily_location",
                  "date": "2016-01-02",
                  "aggregation_unit": "admin3",
                  "method": "last",
                  "subscriber_subset": null
                }
              ]
            }
          },
          "fallback_location": {
            "query_kind": "majority_location",
            "subscriber_location_weights": {
              "query_kind": "location_visits",
              "locations": [
                {
                  "query_kind": "daily_location",
                  "date": "2016-01-01",
                  "aggregation_unit": "admin3",
                  "method": "last",
                  "subscriber_subset": null
                },
                {
                  "query_kind": "daily_location",
                  "date": "2016-01-02",
                  "aggregation_unit": "admin3",
                  "method": "last",
                  "subscriber_subset": null
                }
              ]
            }
          },
          "subscriber_location_weights": {
            "query_kind": "location_visits",
            "locations": [
              {
                "query_kind": "daily_location",
                "date": "2016-01-01",
                "aggregation_unit": "admin3",
                "method": "last",
                "subscriber_subset": null
              },
              {
                "query_kind": "daily_location",
                "date": "2016-01-02",
                "aggregation_unit": "admin3",
                "method": "last",
                "subscriber_subset": null
              }
            ]
          },
          "weight_threshold": 2
        }
      ],
      "stay_length_threshold": 2
    }
  },
  "c5014a274061251895c40596cb07ba2f": {
    "query_kind": "labelled_flows",
    "from_location": {
      "query_kind": "coalesced_location",
      "preferred_location": {
        "query_kind": "majority_location",
        "subscriber_location_weights": {
          "query_kind": "location_visits",
          "locations": [
            {
              "query_kind": "daily_location",
              "date": "2016-01-01",
              "aggregation_unit": "admin3",
              "method": "last",
              "subscriber_subset": null
            },
            {
              "query_kind": "daily_location",
              "date": "2016-01-02",
              "aggregation_unit": "admin3",
              "method": "last",
              "subscriber_subset": null
            }
          ]
        }
      },
      "fallback_location": {
        "query_kind": "majority_location",
        "subscriber_location_weights": {
          "query_kind": "location_visits",
          "locations": [
            {
              "query_kind": "daily_location",
              "date": "2016-01-01",
              "aggregation_unit": "admin3",
              "method": "last",
              "subscriber_subset": null
            },
            {
              "query_kind": "daily_location",
              "date": "2016-01-02",
              "aggregation_unit": "admin3",
              "method": "last",
              "subscriber_subset": null
            }
          ]
        }
      },
      "subscriber_location_weights": {
        "query_kind": "location_visits",
        "locations": [
          {
            "query_kind": "daily_location",
            "date": "2016-01-01",
            "aggregation_unit": "admin3",
            "method": "last",
            "subscriber_subset": null
          },
          {
            "query_kind": "daily_location",
            "date": "2016-01-02",
            "aggregation_unit": "admin3",
            "method": "last",
            "subscriber_subset": null
          }
        ]
      },
      "weight_threshold": 2
    },
    "to_location": {
      "query_kind": "coalesced_location",
      "preferred_location": {
        "query_kind": "majority_location",
        "subscriber_location_weights": {
          "query_kind": "location_visits",
          "locations": [
            {
              "query_kind": "daily_location",
              "date": "2016-01-03",
              "aggregation_unit": "admin3",
              "method": "last",
              "subscriber_subset": null
            },
            {
              "query_kind": "daily_location",
              "date": "2016-01-04",
              "aggregation_unit": "admin3",
              "method": "last",
              "subscriber_subset": null
            }
          ]
        }
      },
      "fallback_location": {
        "query_kind": "majority_location",
        "subscriber_location_weights": {
          "query_kind": "location_visits",
          "locations": [
            {
              "query_kind": "daily_location",
              "date": "2016-01-03",
              "aggregation_unit": "admin3",
              "method": "last",
              "subscriber_subset": null
            },
            {
              "query_kind": "daily_location",
              "date": "2016-01-04",
              "aggregation_unit": "admin3",
              "method": "last",
              "subscriber_subset": null
            }
          ]
        }
      },
      "subscriber_location_weights": {
        "query_kind": "location_visits",
        "locations": [
          {
            "query_kind": "daily_location",
            "date": "2016-01-03",
            "aggregation_unit": "admin3",
            "method": "last",
            "subscriber_subset": null
          },
          {
            "query_kind": "daily_location",
            "date": "2016-01-04",
            "aggregation_unit": "admin3",
            "method": "last",
            "subscriber_subset": null
          }
        ]
      },
      "weight_threshold": 2
    },
    "labels": {
      "query_kind": "mobility_classification",
      "locations": [
        {
          "query_kind": "coalesced_location",
          "preferred_location": {
            "query_kind": "majority_location",
            "subscriber_location_weights": {
              "query_kind": "location_visits",
              "locations": [
                {
                  "query_kind": "daily_location",
                  "date": "2016-01-01",
                  "aggregation_unit": "admin3",
                  "method": "last",
                  "subscriber_subset": null
                },
                {
                  "query_kind": "daily_location",
                  "date": "2016-01-02",
                  "aggregation_unit": "admin3",
                  "method": "last",
                  "subscriber_subset": null
                }
              ]
            }
          },
          "fallback_location": {
            "query_kind": "majority_location",
            "subscriber_location_weights": {
              "query_kind": "location_visits",
              "locations": [
                {
                  "query_kind": "daily_location",
                  "date": "2016-01-01",
                  "aggregation_unit": "admin3",
                  "method": "last",
                  "subscriber_subset": null
                },
                {
                  "query_kind": "daily_location",
                  "date": "2016-01-02",
                  "aggregation_unit": "admin3",
                  "method": "last",
                  "subscriber_subset": null
                }
              ]
            }
          },
          "subscriber_location_weights": {
            "query_kind": "location_visits",
            "locations": [
              {
                "query_kind": "daily_location",
                "date": "2016-01-05",
                "aggregation_unit": "admin3",
                "method": "last",
                "subscriber_subset": null
              },
              {
                "query_kind": "daily_location",
                "date": "2016-01-06",
                "aggregation_unit": "admin3",
                "method": "last",
                "subscriber_subset": null
              }
            ]
          },
          "weight_threshold": 2
        },
        {
          "query_kind": "coalesced_location",
          "preferred_location": {
            "query_kind": "majority_location",
            "subscriber_location_weights": {
              "query_kind": "location_visits",
              "locations": [
                {
                  "query_kind": "daily_location",
                  "date": "2016-01-01",
                  "aggregation_unit": "admin3",
                  "method": "last",
                  "subscriber_subset": null
                },
                {
                  "query_kind": "daily_location",
                  "date": "2016-01-02",
                  "aggregation_unit": "admin3",
                  "method": "last",
                  "subscriber_subset": null
                }
              ]
            }
          },
          "fallback_location": {
            "query_kind": "majority_location",
            "subscriber_location_weights": {
              "query_kind": "location_visits",
              "locations": [
                {
                  "query_kind": "daily_location",
                  "date": "2016-01-01",
                  "aggregation_unit": "admin3",
                  "method": "last",
                  "subscriber_subset": null
                },
                {
                  "query_kind": "daily_location",
                  "date": "2016-01-02",
                  "aggregation_unit": "admin3",
                  "method": "last",
                  "subscriber_subset": null
                }
              ]
            }
          },
          "subscriber_location_weights": {
            "query_kind": "location_visits",
            "locations": [
              {
                "query_kind": "daily_location",
                "date": "2016-01-01",
                "aggregation_unit": "admin3",
                "method": "last",
                "subscriber_subset": null
              },
              {
                "query_kind": "daily_location",
                "date": "2016-01-02",
                "aggregation_unit": "admin3",
                "method": "last",
                "subscriber_subset": null
              }
            ]
          },
          "weight_threshold": 2
        }
      ],
      "stay_length_threshold": 2
    },
    "join_type": "full outer"
  }
}
